  excluding MassSpecGym: 30,100 structures dropped, 10,294 eligible remain
eligible query structures: 6,163 of 275,810
  class 1:   48 queries (16.0%)
  class 2:  135 queries (45.0%)
  class 3:  117 queries (39.0%)
  ok  class 2/3 structures have ZERO spectra anywhere in the reference index
  ok  class 1 structures kept their other spectra
  ok  class 3 structures removed from the candidate database
  ok  class 1/2 structures present in the candidate database
  ok  no query spectrum leaked into the reference index
wrote /home/lee/casmi-2026/work/splits/split_npxmtsseed61_n300.json and ref_rows_npxmtsseed61_n300.npy
  excluding MassSpecGym: 30,100 structures dropped, 10,294 eligible remain
eligible query structures: 6,163 of 275,810
  class 1:   48 queries (16.0%)
  class 2:  135 queries (45.0%)
  class 3:  117 queries (39.0%)
  ok  class 2/3 structures have ZERO spectra anywhere in the reference index
  ok  class 1 structures kept their other spectra
  ok  class 3 structures removed from the candidate database
  ok  class 1/2 structures present in the candidate database
  ok  no query spectrum leaked into the reference index
wrote /home/lee/casmi-2026/work/splits/split_npxmtsseed62_n300.json and ref_rows_npxmtsseed62_n300.npy
