[seed2_n300] 300 queries, 9762 unique candidates
[seed2_n300]  fragmented 1000/9762 1s
[seed2_n300]  fragmented 2000/9762 2s
[seed2_n300]  fragmented 3000/9762 3s
[seed2_n300]  fragmented 4000/9762 4s
[seed2_n300]  fragmented 5000/9762 5s
[seed2_n300]  fragmented 6000/9762 6s
[seed2_n300]  fragmented 7000/9762 6s
[seed2_n300]  fragmented 8000/9762 7s
[seed2_n300]  fragmented 9000/9762 8s
[seed2_n300] fragmentation done 8s
E11 ring-breaking fragmenter — split seed2_n300

variant        C1       C2       C3   weighted
V0         0.6111   0.6260   0.0085     0.3828
V1         0.6111   0.6260   0.0085     0.3828
V1x        0.6215   0.6276   0.0085     0.3852
V2         0.5919   0.6404   0.0085     0.3862
V3         0.5976   0.6283   0.0085     0.3817
V4         0.5811   0.5603   0.0043     0.3468
V5         0.5623   0.6167   0.0085     0.3708
V6         0.6036   0.6331   0.0085     0.3848
V7         0.5677   0.6174   0.0085     0.3720
V8         0.5664   0.6263   0.0085     0.3758

queries where V1 per-candidate scores differ from V0: 0
runtime 71s
