[seed1_n300] 300 queries, 10580 unique candidates
[seed1_n300]  fragmented 1000/10580 1s
[seed1_n300]  fragmented 2000/10580 2s
[seed1_n300]  fragmented 3000/10580 3s
[seed1_n300]  fragmented 4000/10580 4s
[seed1_n300]  fragmented 5000/10580 5s
[seed1_n300]  fragmented 6000/10580 5s
[seed1_n300]  fragmented 7000/10580 6s
[seed1_n300]  fragmented 8000/10580 7s
[seed1_n300]  fragmented 9000/10580 8s
[seed1_n300]  fragmented 10000/10580 8s
[seed1_n300] fragmentation done 9s
E11 ring-breaking fragmenter — split seed1_n300

variant        C1       C2       C3   weighted
V0         0.6361   0.6106   0.0384     0.3915
V1         0.6361   0.6106   0.0384     0.3915
V1x        0.6460   0.6013   0.0384     0.3889
V2         0.6362   0.6248   0.0403     0.3987
V3         0.6127   0.5957   0.0406     0.3819
V4         0.5181   0.5404   0.0551     0.3476
V5         0.5949   0.5907   0.0512     0.3810
V6         0.6129   0.5918   0.0397     0.3798
V7         0.6206   0.5868   0.0407     0.3792
V8         0.6033   0.5831   0.0508     0.3787

queries where V1 per-candidate scores differ from V0: 1
runtime 79s
