loaded 12s
[seed0_n300] indexes 104s
/home/lee/casmi-2026/work/e13_analog_search.py:134: RuntimeWarning: All-NaN slice encountered
  M = np.nanmedian([neutral_mass(pmz[r], add[r]) for r in rows])
[seed0_n300] 117 C3 queries, fragmented 64105 edit candidates 139s
[seed0_n300]  40/117 150s
[seed0_n300]  80/117 161s
[seed1_n300] indexes 257s
[seed1_n300] 117 C3 queries, fragmented 49824 edit candidates 286s
[seed1_n300]  40/117 297s
[seed1_n300]  80/117 307s
[seed2_n300] indexes 407s
[seed2_n300] 117 C3 queries, fragmented 43107 edit candidates 433s
[seed2_n300]  40/117 444s
[seed2_n300]  80/117 454s
E13 Class 3 relative-search — 351 C3 queries, 3 splits

method          medTan@5   Tan>=.6@5     reach@5   medTan@25  Tan>=.6@25    reach@25
A_cosine           0.452       0.370       0.242       0.557       0.470       0.350
B_modcos           0.569       0.484       0.313       0.622       0.544       0.413
C_nlcos            0.518       0.425       0.336       0.603       0.513       0.387
D_editfirst        0.250       0.242       0.236       0.375       0.353       0.348
U_union            0.653       0.567       0.464       0.676       0.615       0.510

runtime 462s
