loaded 9s  training 275,300  coconut 472,967 (dropped 6,754 COCONUT rows our formula parser can't read)
[seed0_n300] pools built, fragmented 19,887 new candidates 18s
[seed0_n300] scored 136s
[seed1_n300] pools built, fragmented 22,341 new candidates 146s
[seed1_n300] scored 221s
[seed2_n300] pools built, fragmented 18,445 new candidates 230s
[seed2_n300] scored 295s
E15 — E10 pipeline (pure fragment) on real-database candidate pools

median / mean mass-pool size:
  C1  train 11/26   coconut+truth 22/48   union 36/69
  C2  train 11/34   coconut+truth 22/45   union 40/76
  C3  train 9/32   coconut+truth 21/47   union 39/76

split        db                  C1      C2      C3  weighted
seed0_n300   train           0.4861  0.5867  0.0344    0.3552
seed0_n300   coconut+truth   0.4507  0.5046  0.0016    0.2998
seed0_n300   union           0.3724  0.4717  0.0211    0.2800
seed1_n300   train           0.6361  0.6106  0.0384    0.3915
seed1_n300   coconut+truth   0.6026  0.5387  0.0199    0.3466
seed1_n300   union           0.4896  0.4686  0.0295    0.3007
seed2_n300   train           0.6111  0.6260  0.0085    0.3828
seed2_n300   coconut+truth   0.5682  0.6325  0.0085    0.3789
seed2_n300   union           0.4987  0.5377  0.0085    0.3251
ALL          train           0.5777  0.6078  0.0271    0.3765
ALL          coconut+truth   0.5405  0.5586  0.0100    0.3418
ALL          union           0.4536  0.4926  0.0197    0.3019

3-split mean weighted: train 0.3765   coconut+truth 0.3418   union 0.3019
paired Δweighted coconut+truth − train: -0.0347  95% CI [-0.0520, -0.0172]
paired Δweighted union − train: -0.0746  95% CI [-0.0875, -0.0628]

Class 2 by whether the truth is natively in COCONUT:
  native=True  n=167  train 0.5657   coconut+truth 0.4122   union 0.3892
  native=False n=238  train 0.6373   coconut+truth 0.6614   union 0.5653

runtime 296s
