loaded 8s
  [npseed10_n300] 300 queries, 31,128 candidates characterised
  [npseed11_n300] 300 queries, 58,032 candidates characterised
  [npseed12_n300] 300 queries, 79,462 candidates characterised
  [npseed20_n300] 284 queries, 31,459 candidates characterised
  [npseed21_n300] 283 queries, 56,386 candidates characterised
  [npseed22_n300] 287 queries, 79,207 candidates characterised
characterised 1050s; learned on 38,759 truth/decoy pairs
E17 ranker features — eval NP splits 10-12, DB=coconut, learned on NP splits 20-22 (885 eval query structures excluded from training)

learned weights (raw feature units): explain -23.7, chance_corr +26.5, single +5.63, nb_max +6.24, nb_mean10 +16.9, spec_self -0.38, heavy -0.00413

ranker            C1      C2      C3  weighted  per split
explain       0.4123  0.3881  0.0085    0.2439  0.260 / 0.248 / 0.224
chance_corr   0.3952  0.3890  0.0087    0.2417  0.255 / 0.248 / 0.222
single        0.4448  0.4026  0.0066    0.2549  0.275 / 0.252 / 0.237
nb_max        0.8573  0.4372  0.0170    0.3405  0.353 / 0.327 / 0.341
nb_mean10     0.7734  0.4302  0.0097    0.3211  0.345 / 0.309 / 0.309
spec_self     0.8916  0.1734  0.0114    0.2252  0.237 / 0.228 / 0.210
learned       0.8151  0.5058  0.0171    0.3647  0.380 / 0.353 / 0.361

paired Δweighted vs explain (95% bootstrap CI, 2000 resamples within class):
  chance_corr  -0.0023  [-0.0097, +0.0047]
  single       +0.0110  [+0.0006, +0.0208]   <- clears zero
  nb_max       +0.0966  [+0.0760, +0.1175]   <- clears zero
  nb_mean10    +0.0772  [+0.0550, +0.0986]   <- clears zero
  spec_self    -0.0188  [-0.0393, +0.0012]
  learned      +0.1207  [+0.1020, +0.1402]   <- clears zero

runtime 1485s
