[nptsseed10_n300] generated 441 candidates (0 median per query) 132s
[nptsseed10_n300] characterised 31,535 structures 150s
[nptsseed10_n300] scored 335s
[nptsseed11_n300] generated 860 candidates (0 median per query) 425s
[nptsseed11_n300] characterised 32,960 structures 445s
[nptsseed11_n300] scored 652s
[nptsseed12_n300] generated 479 candidates (0 median per query) 769s
[nptsseed12_n300] characterised 31,051 structures 788s
[nptsseed12_n300] scored 978s
E21 — Class 3 with the full 21-edit library, and a cap on competing guesses

generation recall on Class 3: 31/351 = 8.8% (the true structure was built at all)

candidates                   C1       C2       C3  weighted
retrieval                0.8122   0.4920   0.0000    0.3513
+generated               0.8067   0.4681   0.0363    0.3539
+generated cap 10        0.8067   0.4685   0.0363    0.3541
+generated cap 5         0.8069   0.4692   0.0348    0.3538

+generated           vs retrieval: +0.0025  95% CI [-0.0057, +0.0115]
+generated cap 10    vs retrieval: +0.0027  95% CI [-0.0057, +0.0113]
+generated cap 5     vs retrieval: +0.0025  95% CI [-0.0057, +0.0107]

runtime 979s
