[  149s] [nptsseed10_n300] 300 queries, 0 generated, 31,127 structures characterised
[  264s] [nptsseed11_n300] 300 queries, 0 generated, 32,164 structures characterised
[  406s] [nptsseed12_n300] 300 queries, 0 generated, 30,618 structures characterised
[  524s] [nptsseed20_n300] 284 queries, 0 generated, 31,454 structures characterised
[  607s] [nptsseed21_n300] 283 queries, 0 generated, 30,252 structures characterised
[  701s] [nptsseed22_n300] 287 queries, 0 generated, 30,555 structures characterised
[ 1627s] [cosine ground] trained on 37,436 pairs
[ 2086s] [nptsseed10_n300] 300 queries, 0 generated, 30,936 structures characterised
[ 2113s] [nptsseed11_n300] 300 queries, 0 generated, 31,949 structures characterised
[ 2140s] [nptsseed12_n300] 300 queries, 0 generated, 30,410 structures characterised
[ 2167s] [nptsseed20_n300] 284 queries, 0 generated, 31,284 structures characterised
[ 2192s] [nptsseed21_n300] 283 queries, 0 generated, 29,844 structures characterised
[ 2219s] [nptsseed22_n300] 287 queries, 0 generated, 30,314 structures characterised
[ 2227s] [sqrt-p ground] trained on 37,436 pairs
E25 — spectral ground: our cosine vs Fisher-Rao on sqrt(p), end to end

arm                    C1       C2       C3  weighted
cosine ground      0.8122   0.4920   0.0000    0.3513
sqrt-p ground      0.8245   0.5250   0.0000    0.3682

sqrt-p vs cosine: +0.0168 weighted  95% CI [+0.0086, +0.0254]   <- clears zero

runtime 2261s
