[  152s] [nptsseed10_n300] 300 queries, 30,936 structures characterised
[  274s] [nptsseed11_n300] 300 queries, 31,949 structures characterised
[  434s] [nptsseed12_n300] 300 queries, 30,410 structures characterised
[  559s] [nptsseed20_n300] 285 queries, 31,398 structures characterised
[  647s] [nptsseed21_n300] 285 queries, 29,959 structures characterised
[  746s] [nptsseed22_n300] 289 queries, 30,544 structures characterised
[  757s] features built; fitting arms
[ 1974s]   explain        weighted 0.3881
[ 1985s]   ex_sqrt        weighted 0.3928
[ 1987s]   ex_flat        weighted 0.3919
[ 1989s]   ex_idf         weighted 0.3887
[ 1990s]   ex_top60       weighted 0.3864
[ 1992s]   all variants   weighted 0.3896
E27 — the pooling theorem: five ways to weight the same match data

arm                  C1       C2       C3  weighted  vs explain
explain          0.7842   0.5837   0.0000    0.3881     +0.0000
ex_sqrt          0.7870   0.5930   0.0000    0.3928     +0.0046
ex_flat          0.7830   0.5924   0.0000    0.3919     +0.0037
ex_idf           0.7820   0.5856   0.0000    0.3887     +0.0005
ex_top60         0.7839   0.5800   0.0000    0.3864     -0.0017
all variants     0.7869   0.5861   0.0000    0.3896     +0.0015

ex_sqrt        +0.0046  95% CI [-0.0004, +0.0101]
ex_flat        +0.0037  95% CI [-0.0016, +0.0095]
ex_idf         +0.0005  95% CI [-0.0025, +0.0037]
ex_top60       -0.0017  95% CI [-0.0039, +0.0000]
all variants   +0.0015  95% CI [-0.0023, +0.0056]

runtime 1994s
