loaded 18s
[nptsseed10_n300] 275,542 reference structures 19s
[nptsseed10_n300]  100/300 29s
[nptsseed10_n300]  200/300 37s
[nptsseed10_n300]  300/300 46s
[nptsseed11_n300] 275,546 reference structures 47s
[nptsseed11_n300]  100/300 57s
[nptsseed11_n300]  300/300 73s
[nptsseed12_n300] 275,537 reference structures 74s
[nptsseed12_n300]  100/300 84s
[nptsseed12_n300]  200/300 93s
E29 — the ground family on the relative-search yardstick, 756 Class 2/3 queries

edit-shift quotient group: 17 edit masses, both directions

ground                       median best Tanimoto@5     mean    >=0.6
cosine (ours)                                0.3694   0.4447    33.9%
fisher_rao                                   0.4313   0.4731    37.3%
hellinger                                    0.4313   0.4731    37.3%
sqrt_chi2                                    0.4522   0.4756    37.2%
chi2                                         0.4522   0.4756    37.2%
wasserstein1                                 0.2946   0.4047    27.0%
FR + edit-shift quotient                     0.4504   0.4791    39.0%

against Fisher-Rao (the ground now in production):
  cosine (ours)              -0.0285  95% CI [-0.0420, -0.0156]
  hellinger                  +0.0000  95% CI [+0.0000, +0.0000]
  sqrt_chi2                  +0.0025  95% CI [-0.0020, +0.0070]
  chi2                       +0.0025  95% CI [-0.0019, +0.0072]
  wasserstein1               -0.0684  95% CI [-0.0832, -0.0550]
  FR + edit-shift quotient   +0.0060  95% CI [-0.0000, +0.0123]

runtime 102s
