[nptsseed10_n300] loaded 10s
[nptsseed10_n300] indexes 164s
[nptsseed10_n300]  100/300 189s
[nptsseed10_n300]  200/300 215s
[nptsseed10_n300]  300/300 242s
[nptsseed10_n300] wrote pools_fr_agg_nptsseed10_n300.pkl  runtime 242s
[nptsseed10_n300] wrote pools_chi2_nptsseed10_n300.pkl  runtime 243s
[nptsseed10_n300] wrote pools_eshift_nptsseed10_n300.pkl  runtime 243s
[nptsseed11_n300] loaded 10s
[nptsseed11_n300] indexes 165s
[nptsseed11_n300]  100/300 193s
[nptsseed11_n300]  200/300 219s
[nptsseed11_n300]  300/300 247s
[nptsseed11_n300] wrote pools_fr_agg_nptsseed11_n300.pkl  runtime 247s
[nptsseed11_n300] wrote pools_chi2_nptsseed11_n300.pkl  runtime 247s
[nptsseed11_n300] wrote pools_eshift_nptsseed11_n300.pkl  runtime 247s
[nptsseed12_n300] loaded 10s
[nptsseed12_n300] indexes 162s
[nptsseed12_n300]  100/300 191s
[nptsseed12_n300]  200/300 218s
Traceback (most recent call last):
  File "/home/lee/casmi-2026/work/e33_pools.py", line 164, in <module>
    main(sys.argv[1] if len(sys.argv) > 1 else "nptsseed10_n300")
  File "/home/lee/casmi-2026/work/e33_pools.py", line 118, in main
    bc = float(np.dot(dq[rb], rw))
                      ~~^^^^
IndexError: index 201622 is out of bounds for axis 0 with size 200000
[nptsseed20_n300] loaded 9s
[nptsseed20_n300] indexes 162s
Traceback (most recent call last):
  File "/home/lee/casmi-2026/work/e33_pools.py", line 164, in <module>
    main(sys.argv[1] if len(sys.argv) > 1 else "nptsseed10_n300")
  File "/home/lee/casmi-2026/work/e33_pools.py", line 118, in main
    bc = float(np.dot(dq[rb], rw))
                      ~~^^^^
IndexError: index 201622 is out of bounds for axis 0 with size 200000
[nptsseed21_n300] loaded 9s
[nptsseed21_n300] indexes 159s
[nptsseed21_n300]  100/300 186s
[nptsseed21_n300]  200/300 216s
[nptsseed21_n300]  300/300 245s
[nptsseed21_n300] wrote pools_fr_agg_nptsseed21_n300.pkl  runtime 246s
[nptsseed21_n300] wrote pools_chi2_nptsseed21_n300.pkl  runtime 246s
[nptsseed21_n300] wrote pools_eshift_nptsseed21_n300.pkl  runtime 246s
[nptsseed22_n300] loaded 11s
[nptsseed22_n300] indexes 164s
[nptsseed22_n300]  100/300 195s
[nptsseed22_n300]  200/300 221s
[nptsseed22_n300]  300/300 250s
[nptsseed22_n300] wrote pools_fr_agg_nptsseed22_n300.pkl  runtime 250s
[nptsseed22_n300] wrote pools_chi2_nptsseed22_n300.pkl  runtime 250s
[nptsseed22_n300] wrote pools_eshift_nptsseed22_n300.pkl  runtime 250s
Terminated
Terminated
Terminated
Terminated
[nptsseed12_n300] loaded 10s
[nptsseed12_n300] indexes 181s
[nptsseed12_n300]  100/300 211s
[nptsseed12_n300]  200/300 239s
[nptsseed12_n300]  300/300 267s
[nptsseed12_n300] wrote pools_fr_agg_nptsseed12_n300.pkl  runtime 267s
[nptsseed12_n300] wrote pools_chi2_nptsseed12_n300.pkl  runtime 267s
[nptsseed12_n300] wrote pools_eshift_nptsseed12_n300.pkl  runtime 267s
[nptsseed20_n300] loaded 10s
[nptsseed20_n300] indexes 174s
[nptsseed20_n300]  100/300 205s
[nptsseed20_n300]  200/300 227s
[nptsseed20_n300]  300/300 253s
[nptsseed20_n300] wrote pools_fr_agg_nptsseed20_n300.pkl  runtime 253s
[nptsseed20_n300] wrote pools_chi2_nptsseed20_n300.pkl  runtime 253s
[nptsseed20_n300] wrote pools_eshift_nptsseed20_n300.pkl  runtime 253s
