[   67s] [coconut/tsseed40_n300] 300 queries, 24,808 structures, median pool 20
[  124s] [coconut/tsseed41_n300] 300 queries, 47,745 structures, median pool 24
[  197s] [coconut/tsseed42_n300] 300 queries, 67,567 structures, median pool 17
[  325s] [coconut/nptsseed20_n300] 297 queries, 32,505 structures, median pool 40
[  406s] [coconut/nptsseed21_n300] 293 queries, 57,470 structures, median pool 35
[  494s] [coconut/nptsseed22_n300] 295 queries, 80,350 structures, median pool 39
[ 1766s]   coconut  weighted 0.1736  (trained on 38,349 pairs)
[ 1785s] [union/tsseed40_n300] 300 queries, 32,566 structures, median pool 38
[ 1809s] [union/tsseed41_n300] 300 queries, 63,515 structures, median pool 42
[ 1832s] [union/tsseed42_n300] 300 queries, 89,006 structures, median pool 34
[ 1864s] [union/nptsseed20_n300] 297 queries, 39,450 structures, median pool 51
[ 1892s] [union/nptsseed21_n300] 293 queries, 70,295 structures, median pool 56
[ 1919s] [union/nptsseed22_n300] 295 queries, 98,455 structures, median pool 49
[ 2054s]   union    weighted 0.4079  (trained on 51,892 pairs)
E36 — COCONUT vs the merged database, on queries not chosen for COCONUT membership

database         C1       C2       C3  weighted
coconut      0.3206   0.2694   0.0028    0.1736
union        0.7688   0.6307   0.0028    0.4079

union - coconut: +0.2343 weighted  95% CI [+0.2091, +0.2595]   <- clears zero

E15 measured the reverse ordering (coconut 0.342, union 0.302) on queries that were
all in COCONUT by construction, so only dilution could show there.

runtime 2054s
