[  146s] [nptsseed10_n300] 300 queries, 30,936 structures
[  257s] [nptsseed11_n300] 300 queries, 57,464 structures
[  390s] [nptsseed12_n300] 300 queries, 78,452 structures
[  505s] [nptsseed20_n300] 284 queries, 31,284 structures
[  584s] [nptsseed21_n300] 283 queries, 55,575 structures
[  670s] [nptsseed22_n300] 287 queries, 77,933 structures
[ 1580s] trained on 37,436 pairs
[ 2124s] [tsseed40_n300] 300 queries, 24,808 structures
[ 2173s] [tsseed41_n300] 300 queries, 47,745 structures
[ 2237s] [tsseed42_n300] 300 queries, 67,567 structures
E37 — ordering the spectral-only tail by score instead of by key

### production (NP, in COCONUT)
tail order         C1       C2       C3  weighted
by key         0.8245   0.5250   0.0000    0.3682
by score       0.8475   0.5250   0.0000    0.3718
by score - by key: +0.0037  95% CI [+0.0004, +0.0077]   <- clears zero

### unrestricted (any database)
tail order         C1       C2       C3  weighted
by key         0.3240   0.2711   0.0028    0.1750
by score       0.3899   0.2711   0.0028    0.1855
by score - by key: +0.0105  95% CI [+0.0062, +0.0156]   <- clears zero

runtime 2583s
