[    0s] cache loaded: 900 eval, 854 train queries
[  989s] ranker fit on 41,667 pairs -> cached
[ 1633s] gate features built
E40 — where the gate's failure actually lives

axis                        n  positives      AUC
all three classes         900     42.1%   0.7226
C1 vs (C2,C3)             900     84.0%   0.8198
C2 vs C3 (the axis that pays)    756     46.4%   0.6152
C1 vs C3                  495     70.9%   0.8510

single features on C2 vs C3 -- can any one of them see the axis at all?
feature               AUC  (0.500 is chance; <0.500 means it points the other way)
best_score         0.3687
score_margin       0.4239
best_explain       0.3887
best_chance        0.3901
best_nbmax         0.4141
spec_max           0.4875
spec_gap           0.4902
n_mass             0.4965

what a PERFECT gate is worth, by what it is perfect at:
arm                      C1       C2       C3  weighted
retrieval only       0.8509   0.5228   0.0000    0.3714
always on            0.8457   0.4943   0.0486    0.3767
label oracle         0.8509   0.5228   0.0486    0.3903
outcome oracle       0.8509   0.5230   0.0486    0.3904

label oracle - outcome oracle: -0.0001
If those two are close, 'truth absent from the pool' was the right thing to predict and
the classifier is what failed. If the label oracle is far below, the label was wrong.

runtime 1902s
