[   91s]   MassSpecGym rows 100,000, 4,006 structures
[  556s]   MassSpecGym rows 200,000, 23,299 structures
[  760s] MassSpecGym: 231,104 rows -> 28,909 distinct structures at the scorer's key
[  761s] train.parquet indexed
E44 — do the open ICEBERG weights already know our evaluation molecules?

MassSpecGym 1.5: 231,104 spectra, 28,909 distinct structures (scorer key)

set     class   queries  in MassSpecGym  same adduct too
eval    C1          144          66.0%           65.3%
eval    C2          405          69.6%           69.1%
eval    C3          351          67.8%           67.5%
eval    all         900          68.3%           67.9%
train   C1          144          70.8%           70.1%
train   C2          405          70.9%           70.9%
train   C3          351          68.1%           67.8%
train   all         900          69.8%           69.6%

THE READING THAT MATTERS. Our Class 2 and Class 3 queries are manufactured by deleting a
molecule from our database -- but the molecule still HAS a public spectrum, which is why
it is in our libraries at all, and so it can sit in MassSpecGym. A REAL Class 2 or 3
molecule has no public spectrum anywhere and therefore CANNOT be in MassSpecGym. If the
overlap above is high and roughly equal across our classes, then our harness cannot
estimate a real Class 2/3 gain from a MassSpecGym-trained predictor at all: the local
number would measure memory the board will never supply.

runtime 798s
