[   89s]   rows 100,000, 4,006 structures
[  549s]   rows 200,000, 23,299 structures
[  751s] parsed 231,104 rows -> 28,909 structures
[  751s] 22,730 structures in MassSpecGym's TRAIN fold (78.6% of its structures)
[  752s] train.parquet indexed
E45 — how much of the MassSpecGym overlap is inside the ICEBERG weights?

MassSpecGym structures: 28,909; in the TRAIN fold: 22,730

class   queries   in MSG  TRAIN fold  val/test only  CLEAN (usable)
C1          144   66.0%      56.9%          9.0%       62 (43.1%)
C2          405   69.6%      59.5%         10.1%      164 (40.5%)
C3          351   67.8%      59.0%          8.8%      144 (41.0%)
all         900   68.3%      58.9%          9.4%      370 (41.1%)

what the clean subset costs in resolution:
  full set      900 queries
  clean subset  370 queries  -> intervals about 1.56x wider

reading: 'TRAIN fold' is the real contamination -- those spectra are inside the open
ICEBERG weights. 'val/test only' molecules are in MassSpecGym but were not trained on, so
they stay usable. The CLEAN column is the evaluation set for the intensity experiment:
queries whose true structure the predictor has never been fitted on. Decoys are left
alone deliberately -- in the real competition a Class 2 truth has no public spectrum while
its COCONUT decoys often do, and this reproduces that asymmetry rather than erasing it.

runtime 768s
[  768s] clean evaluation set written -> /home/lee/casmi-2026/work/splits/clean_eval_queries.json
