[    5s] metadata loaded
[  146s] [npxmtsseed60_n300] 300 queries, 0 generated, 28,177 structures characterised
[  151s] [npxmtsseed60_n300] 300 queries built
[  225s] wrote /home/lee/casmi-2026/exports/iceberg_top25_d60_n300.json (0.7 MB)

work list summary:
  adduct_UNSUPPORTED           16
  adduct_ok                    284
  energy_from_test_ladder      164
  energy_recorded              136
  instrument_IT-FT             4
  instrument_Orbitrap          101
  instrument_QTOF              131
  instrument_Unknown           64
  predictions                  15,407
  queries                      300
  queries_with_truth           300
  truth_in_top25               143

truth inside the top 25: 47.7% of queries that have one in the pool
  (this is the ceiling on what reranking within 25 can recover)
estimated wall time at 1.9 s/prediction on 7 processes: 70 min
