=== exporting top-25 work lists for splits 61 and 62 ===
  energy_from_test_ladder      374
  energy_recorded              226
  instrument_IT-FT             10
  instrument_Orbitrap          189
  instrument_QTOF              256
  instrument_Unknown           145
  predictions                  30,616
  queries                      600
  queries_with_truth           600
  truth_in_top25               286

truth inside the top 25: 47.7% of queries that have one in the pool
  (this is the ceiling on what reranking within 25 can recover)
estimated wall time at 1.9 s/prediction on 7 processes: 139 min
work list: /home/lee/casmi-2026/exports/iceberg_top25_d61_n300_d62_n300.json
342 C1+C2 queries, 18,838 predictions -> /home/lee/casmi-2026/exports/iceberg_top25_d61_n300_d62_n300_c12.json
=== per-energy predictions (this is the long part) ===
  300/342 queries  6308s  eta 14.7 min  fails 0
  325/342 queries  6721s  eta 5.9 min  fails 0

wrote /home/lee/casmi-2026/exports/iceberg_frames_seed6162.npz (23.1 MB)
predicted spectra for 18,618 (query, candidate) pairs; 5 queries skipped; 0 individual failures
runtime 7029s
=== DONE ===
