[   13s] spectra loaded
[  154s] [npxmtsseed60_n300] 300 queries, 0 generated, 28,177 structures characterised
[  235s] [npxmtsseed61_n300] 300 queries, 0 generated, 31,519 structures characterised
[  315s] [npxmtsseed62_n300] 300 queries, 0 generated, 31,569 structures characterised
[  323s] 900 queries built
[  351s] 50,164 structures characterised
[  385s] per-frame features built; 685/900 queries have >1 frame
[ 1336s]   merged only (shipped): done
[ 1337s]   + per-frame: done
[ 1337s]   per-frame, no merged explain: done
E57 — per-frame scoring against merged (the field's +0.019, in our features)

900 queries, 685 with more than one energy frame

arm                                    C1       C2       C3  weighted   vs merged
merged only (shipped)              0.8233   0.4384   0.0000    0.3290     +0.0000
+ per-frame                        0.8179   0.4295   0.0000    0.3241     -0.0049
per-frame, no merged explain       0.8179   0.4299   0.0000    0.3243     -0.0046

+ per-frame                      -0.0049  95% CI [-0.0092, -0.0011]
per-frame, no merged explain     -0.0046  95% CI [-0.0091, -0.0008]

the field measured this change at +0.019 on the BOARD while their own local holdouts
preferred merged-only. If ours does the same, that reproduces their local result and the
question can only be settled by a submission -- recorded before the run, not after.

runtime 1340s
